// Vitest Snapshot v1, https://vitest.dev/guide/snapshot.html

exports[`KanbanGrid > can render 1`] = `
"<div data-v-e7d37b73="" class="v-application v-theme--light v-layout v-layout--full-height v-locale--is-ltr">
  <div class="v-application__wrap">
    <header data-v-e7d37b73="" class="v-toolbar v-toolbar--flat v-toolbar--density-default elevation-1 v-theme--light v-locale--is-ltr v-app-bar" style="background-color: #e0e0e0; color: #000; caret-color: #000; top: 0px; z-index: 1004; transform: translateY(0px); position: fixed; left: 0px; width: calc(100% - 0px - 0px);">
      <!---->
      <div class="v-toolbar__content" style="height: 64px;">
        <!---->
        <!---->
        <div class="v-container v-locale--is-ltr d-flex align-center py-0 px-6">
          <div class="d-flex align-center">
            <div class="v-toolbar-title text-h5 v-app-bar-title" color="white">
              <div class="v-toolbar-title__placeholder">
                <!----> Kanban Board
              </div>
            </div>
          </div>
        </div>
        <!---->
      </div>
      <transition-stub name="expand-transition" appear="false" persisted="false" css="true">
        <!---->
      </transition-stub>
    </header>
    <main data-v-e7d37b73="" class="v-main bg-grey-lighten-4" style="--v-layout-left: 0px; --v-layout-right: 0px; --v-layout-top: 64px; --v-layout-bottom: 0px;">
      <div data-v-e7d37b73="" class="bg-img">
        <div data-v-e7d37b73="" class="v-container v-locale--is-ltr bg-white-darken-3 bg-opacity-85">
          <div data-v-e7d37b73="" class="v-row">
            <div data-v-e7d37b73="" class="v-col my-4" align="center" justify="center">
              <div class="v-card v-card--flat v-theme--light v-card--density-default rounded-0 v-card--variant-elevated bg-red-accent-1 rounded-t-lg">
                <!---->
                <div class="v-card__loader">
                  <div class="v-progress-linear v-theme--light v-locale--is-ltr" style="top: 0px; height: 0px; --v-progress-linear-height: 2px;" role="progressbar" aria-hidden="true" aria-valuemin="0" aria-valuemax="100">
                    <!---->
                    <div class="v-progress-linear__background" style="opacity: NaN;"></div>
                    <div class="v-progress-linear__buffer" style="opacity: NaN; width: 0%;"></div>
                    <transition-stub name="fade-transition" appear="false" persisted="false" css="true">
                      <div class="v-progress-linear__indeterminate">
                        <div class="v-progress-linear__indeterminate long"></div>
                        <div class="v-progress-linear__indeterminate short"></div>
                      </div>
                    </transition-stub>
                    <!---->
                  </div>
                </div>
                <!---->
                <!---->
                <div class="v-card-title text-black"><strong>Backlog</strong></div>
                <!---->
                <!----><span class="v-card__underlay"></span>
              </div>
              <div class="v-card v-card--flat v-theme--light v-card--density-default rounded-0 v-card--variant-elevated bg-grey-lighten-2 rounded-b-lg" style="max-height: 85vh; overflow-y: auto;">
                <!---->
                <div class="v-card__loader">
                  <div class="v-progress-linear v-theme--light v-locale--is-ltr" style="top: 0px; height: 0px; --v-progress-linear-height: 2px;" role="progressbar" aria-hidden="true" aria-valuemin="0" aria-valuemax="100">
                    <!---->
                    <div class="v-progress-linear__background" style="opacity: NaN;"></div>
                    <div class="v-progress-linear__buffer" style="opacity: NaN; width: 0%;"></div>
                    <transition-stub name="fade-transition" appear="false" persisted="false" css="true">
                      <div class="v-progress-linear__indeterminate">
                        <div class="v-progress-linear__indeterminate long"></div>
                        <div class="v-progress-linear__indeterminate short"></div>
                      </div>
                    </transition-stub>
                    <!---->
                  </div>
                </div>
                <!---->
                <!---->
                <ul class="pb-6">
                  <div data-v-8d47ba21="" class="v-card v-card--flat v-theme--light v-card--density-default v-card--variant-elevated truncate-container bg-transparent" data-draggable="true">
                    <!---->
                    <div class="v-card__loader">
                      <div class="v-progress-linear v-theme--light v-locale--is-ltr" style="top: 0px; height: 0px; --v-progress-linear-height: 2px;" role="progressbar" aria-hidden="true" aria-valuemin="0" aria-valuemax="100">
                        <!---->
                        <div class="v-progress-linear__background" style="opacity: NaN;"></div>
                        <div class="v-progress-linear__buffer" style="opacity: NaN; width: 0%;"></div>
                        <transition-stub name="fade-transition" appear="false" persisted="false" css="true">
                          <div class="v-progress-linear__indeterminate">
                            <div class="v-progress-linear__indeterminate long"></div>
                            <div class="v-progress-linear__indeterminate short"></div>
                          </div>
                        </transition-stub>
                        <!---->
                      </div>
                    </div>
                    <!---->
                    <!---->
                    <div data-v-8d47ba21="" class="v-card v-theme--light v-card--density-default elevation-2 v-card--variant-elevated rounded-lg ma-2">
                      <!---->
                      <div class="v-card__loader">
                        <div class="v-progress-linear v-theme--light v-locale--is-ltr" style="top: 0px; height: 0px; --v-progress-linear-height: 2px;" role="progressbar" aria-hidden="true" aria-valuemin="0" aria-valuemax="100">
                          <!---->
                          <div class="v-progress-linear__background" style="opacity: NaN;"></div>
                          <div class="v-progress-linear__buffer" style="opacity: NaN; width: 0%;"></div>
                          <transition-stub name="fade-transition" appear="false" persisted="false" css="true">
                            <div class="v-progress-linear__indeterminate">
                              <div class="v-progress-linear__indeterminate long"></div>
                              <div class="v-progress-linear__indeterminate short"></div>
                            </div>
                          </transition-stub>
                          <!---->
                        </div>
                      </div>
                      <!---->
                      <!---->
                      <div data-v-8d47ba21="">
                        <div data-v-8d47ba21="" class="v-card-title text-center pa-2 title-container">
                          <div data-v-8d47ba21="" class="truncate-text">Fix sleep schedule</div><button data-v-8d47ba21="" type="button" class="v-btn v-btn--flat v-btn--icon v-theme--light v-btn--density-compact v-btn--size-default v-btn--variant-elevated edit-btn"><span class="v-btn__overlay"></span><span class="v-btn__underlay"></span>
                            <!----><span class="v-btn__content" data-no-activator=""><i class="mdi-pencil mdi v-icon notranslate v-theme--light v-icon--size-default" aria-hidden="true"></i></span>
                            <!---->
                            <!---->
                          </button>
                        </div>
                        <div data-v-8d47ba21="" class="v-card-text truncate-text text-center">Start going to bed before 1am</div>
                      </div>
                      <!--v-if-->
                      <!---->
                      <!----><span class="v-card__underlay"></span>
                    </div>
                    <!---->
                    <!----><span class="v-card__underlay"></span>
                  </div>
                  <div data-v-8d47ba21="" class="v-card v-card--flat v-theme--light v-card--density-default v-card--variant-elevated truncate-container bg-transparent" data-draggable="true">
                    <!---->
                    <div class="v-card__loader">
                      <div class="v-progress-linear v-theme--light v-locale--is-ltr" style="top: 0px; height: 0px; --v-progress-linear-height: 2px;" role="progressbar" aria-hidden="true" aria-valuemin="0" aria-valuemax="100">
                        <!---->
                        <div class="v-progress-linear__background" style="opacity: NaN;"></div>
                        <div class="v-progress-linear__buffer" style="opacity: NaN; width: 0%;"></div>
                        <transition-stub name="fade-transition" appear="false" persisted="false" css="true">
                          <div class="v-progress-linear__indeterminate">
                            <div class="v-progress-linear__indeterminate long"></div>
                            <div class="v-progress-linear__indeterminate short"></div>
                          </div>
                        </transition-stub>
                        <!---->
                      </div>
                    </div>
                    <!---->
                    <!---->
                    <div data-v-8d47ba21="" class="v-card v-theme--light v-card--density-default elevation-2 v-card--variant-elevated rounded-lg ma-2">
                      <!---->
                      <div class="v-card__loader">
                        <div class="v-progress-linear v-theme--light v-locale--is-ltr" style="top: 0px; height: 0px; --v-progress-linear-height: 2px;" role="progressbar" aria-hidden="true" aria-valuemin="0" aria-valuemax="100">
                          <!---->
                          <div class="v-progress-linear__background" style="opacity: NaN;"></div>
                          <div class="v-progress-linear__buffer" style="opacity: NaN; width: 0%;"></div>
                          <transition-stub name="fade-transition" appear="false" persisted="false" css="true">
                            <div class="v-progress-linear__indeterminate">
                              <div class="v-progress-linear__indeterminate long"></div>
                              <div class="v-progress-linear__indeterminate short"></div>
                            </div>
                          </transition-stub>
                          <!---->
                        </div>
                      </div>
                      <!---->
                      <!---->
                      <div data-v-8d47ba21="">
                        <div data-v-8d47ba21="" class="v-card-title text-center pa-2 title-container">
                          <div data-v-8d47ba21="" class="truncate-text">Buy curtains</div><button data-v-8d47ba21="" type="button" class="v-btn v-btn--flat v-btn--icon v-theme--light v-btn--density-compact v-btn--size-default v-btn--variant-elevated edit-btn"><span class="v-btn__overlay"></span><span class="v-btn__underlay"></span>
                            <!----><span class="v-btn__content" data-no-activator=""><i class="mdi-pencil mdi v-icon notranslate v-theme--light v-icon--size-default" aria-hidden="true"></i></span>
                            <!---->
                            <!---->
                          </button>
                        </div>
                        <div data-v-8d47ba21="" class="v-card-text truncate-text text-center">Buy new curtains for the apartment</div>
                      </div>
                      <!--v-if-->
                      <!---->
                      <!----><span class="v-card__underlay"></span>
                    </div>
                    <!---->
                    <!----><span class="v-card__underlay"></span>
                  </div>
                  <div data-v-8d47ba21="" class="v-card v-card--flat v-theme--light v-card--density-default v-card--variant-elevated truncate-container bg-transparent" data-draggable="true">
                    <!---->
                    <div class="v-card__loader">
                      <div class="v-progress-linear v-theme--light v-locale--is-ltr" style="top: 0px; height: 0px; --v-progress-linear-height: 2px;" role="progressbar" aria-hidden="true" aria-valuemin="0" aria-valuemax="100">
                        <!---->
                        <div class="v-progress-linear__background" style="opacity: NaN;"></div>
                        <div class="v-progress-linear__buffer" style="opacity: NaN; width: 0%;"></div>
                        <transition-stub name="fade-transition" appear="false" persisted="false" css="true">
                          <div class="v-progress-linear__indeterminate">
                            <div class="v-progress-linear__indeterminate long"></div>
                            <div class="v-progress-linear__indeterminate short"></div>
                          </div>
                        </transition-stub>
                        <!---->
                      </div>
                    </div>
                    <!---->
                    <!---->
                    <div data-v-8d47ba21="" class="v-card v-theme--light v-card--density-default elevation-2 v-card--variant-elevated rounded-lg ma-2">
                      <!---->
                      <div class="v-card__loader">
                        <div class="v-progress-linear v-theme--light v-locale--is-ltr" style="top: 0px; height: 0px; --v-progress-linear-height: 2px;" role="progressbar" aria-hidden="true" aria-valuemin="0" aria-valuemax="100">
                          <!---->
                          <div class="v-progress-linear__background" style="opacity: NaN;"></div>
                          <div class="v-progress-linear__buffer" style="opacity: NaN; width: 0%;"></div>
                          <transition-stub name="fade-transition" appear="false" persisted="false" css="true">
                            <div class="v-progress-linear__indeterminate">
                              <div class="v-progress-linear__indeterminate long"></div>
                              <div class="v-progress-linear__indeterminate short"></div>
                            </div>
                          </transition-stub>
                          <!---->
                        </div>
                      </div>
                      <!---->
                      <!---->
                      <div data-v-8d47ba21="">
                        <div data-v-8d47ba21="" class="v-card-title text-center pa-2 title-container">
                          <div data-v-8d47ba21="" class="truncate-text">Learn how to change a bike tire</div><button data-v-8d47ba21="" type="button" class="v-btn v-btn--flat v-btn--icon v-theme--light v-btn--density-compact v-btn--size-default v-btn--variant-elevated edit-btn"><span class="v-btn__overlay"></span><span class="v-btn__underlay"></span>
                            <!----><span class="v-btn__content" data-no-activator=""><i class="mdi-pencil mdi v-icon notranslate v-theme--light v-icon--size-default" aria-hidden="true"></i></span>
                            <!---->
                            <!---->
                          </button>
                        </div>
                        <div data-v-8d47ba21="" class="v-card-text truncate-text text-center">Learn this to save money in Denmark</div>
                      </div>
                      <!--v-if-->
                      <!---->
                      <!----><span class="v-card__underlay"></span>
                    </div>
                    <!---->
                    <!----><span class="v-card__underlay"></span>
                  </div>
                </ul>
                <div class="v-card-item ma-0 pa-0" flat="">
                  <!---->
                  <div class="v-card-item__content">
                    <!---->
                    <!---->
                    <div class="d-flex justify-center align-center">
                      <!--v-if-->
                    </div>
                  </div>
                  <!---->
                </div>
                <div class="v-card-item ma-0 pa-0" flat="">
                  <!---->
                  <div class="v-card-item__content">
                    <!---->
                    <!---->
                    <div class="d-flex justify-center py-4"><button type="button" class="v-btn v-btn--flat v-theme--light border-0 v-btn--density-default v-btn--size-default v-btn--variant-elevated bg-transparent"><span class="v-btn__overlay"></span><span class="v-btn__underlay"></span>
                        <!----><span class="v-btn__content" data-no-activator=""><div class="d-flex align-center justify-center"><i class="mdi-plus mdi v-icon notranslate v-theme--light v-icon--size-default mx-1" aria-hidden="true"></i><span>Add new Task</span></div></span>
                    <!---->
                    <!----></button>
                  </div>
                </div>
                <!---->
              </div>
              <!---->
              <!----><span class="v-card__underlay"></span>
            </div>
          </div>
          <div data-v-e7d37b73="" class="v-col my-4" align="center" justify="center">
            <div class="v-card v-card--flat v-theme--light v-card--density-default rounded-0 v-card--variant-elevated bg-yellow-accent-1 rounded-t-lg">
              <!---->
              <div class="v-card__loader">
                <div class="v-progress-linear v-theme--light v-locale--is-ltr" style="top: 0px; height: 0px; --v-progress-linear-height: 2px;" role="progressbar" aria-hidden="true" aria-valuemin="0" aria-valuemax="100">
                  <!---->
                  <div class="v-progress-linear__background" style="opacity: NaN;"></div>
                  <div class="v-progress-linear__buffer" style="opacity: NaN; width: 0%;"></div>
                  <transition-stub name="fade-transition" appear="false" persisted="false" css="true">
                    <div class="v-progress-linear__indeterminate">
                      <div class="v-progress-linear__indeterminate long"></div>
                      <div class="v-progress-linear__indeterminate short"></div>
                    </div>
                  </transition-stub>
                  <!---->
                </div>
              </div>
              <!---->
              <!---->
              <div class="v-card-title text-black"><strong>Doing</strong></div>
              <!---->
              <!----><span class="v-card__underlay"></span>
            </div>
            <div class="v-card v-card--flat v-theme--light v-card--density-default rounded-0 v-card--variant-elevated bg-grey-lighten-2 rounded-b-lg" style="max-height: 85vh; overflow-y: auto;">
              <!---->
              <div class="v-card__loader">
                <div class="v-progress-linear v-theme--light v-locale--is-ltr" style="top: 0px; height: 0px; --v-progress-linear-height: 2px;" role="progressbar" aria-hidden="true" aria-valuemin="0" aria-valuemax="100">
                  <!---->
                  <div class="v-progress-linear__background" style="opacity: NaN;"></div>
                  <div class="v-progress-linear__buffer" style="opacity: NaN; width: 0%;"></div>
                  <transition-stub name="fade-transition" appear="false" persisted="false" css="true">
                    <div class="v-progress-linear__indeterminate">
                      <div class="v-progress-linear__indeterminate long"></div>
                      <div class="v-progress-linear__indeterminate short"></div>
                    </div>
                  </transition-stub>
                  <!---->
                </div>
              </div>
              <!---->
              <!---->
              <ul class="pb-6">
                <div data-v-8d47ba21="" class="v-card v-card--flat v-theme--light v-card--density-default v-card--variant-elevated truncate-container bg-transparent" data-draggable="true">
                  <!---->
                  <div class="v-card__loader">
                    <div class="v-progress-linear v-theme--light v-locale--is-ltr" style="top: 0px; height: 0px; --v-progress-linear-height: 2px;" role="progressbar" aria-hidden="true" aria-valuemin="0" aria-valuemax="100">
                      <!---->
                      <div class="v-progress-linear__background" style="opacity: NaN;"></div>
                      <div class="v-progress-linear__buffer" style="opacity: NaN; width: 0%;"></div>
                      <transition-stub name="fade-transition" appear="false" persisted="false" css="true">
                        <div class="v-progress-linear__indeterminate">
                          <div class="v-progress-linear__indeterminate long"></div>
                          <div class="v-progress-linear__indeterminate short"></div>
                        </div>
                      </transition-stub>
                      <!---->
                    </div>
                  </div>
                  <!---->
                  <!---->
                  <div data-v-8d47ba21="" class="v-card v-theme--light v-card--density-default elevation-2 v-card--variant-elevated rounded-lg ma-2">
                    <!---->
                    <div class="v-card__loader">
                      <div class="v-progress-linear v-theme--light v-locale--is-ltr" style="top: 0px; height: 0px; --v-progress-linear-height: 2px;" role="progressbar" aria-hidden="true" aria-valuemin="0" aria-valuemax="100">
                        <!---->
                        <div class="v-progress-linear__background" style="opacity: NaN;"></div>
                        <div class="v-progress-linear__buffer" style="opacity: NaN; width: 0%;"></div>
                        <transition-stub name="fade-transition" appear="false" persisted="false" css="true">
                          <div class="v-progress-linear__indeterminate">
                            <div class="v-progress-linear__indeterminate long"></div>
                            <div class="v-progress-linear__indeterminate short"></div>
                          </div>
                        </transition-stub>
                        <!---->
                      </div>
                    </div>
                    <!---->
                    <!---->
                    <div data-v-8d47ba21="">
                      <div data-v-8d47ba21="" class="v-card-title text-center pa-2 title-container">
                        <div data-v-8d47ba21="" class="truncate-text">Finish Uni</div><button data-v-8d47ba21="" type="button" class="v-btn v-btn--flat v-btn--icon v-theme--light v-btn--density-compact v-btn--size-default v-btn--variant-elevated edit-btn"><span class="v-btn__overlay"></span><span class="v-btn__underlay"></span>
                          <!----><span class="v-btn__content" data-no-activator=""><i class="mdi-pencil mdi v-icon notranslate v-theme--light v-icon--size-default" aria-hidden="true"></i></span>
                          <!---->
                          <!---->
                        </button>
                      </div>
                      <div data-v-8d47ba21="" class="v-card-text truncate-text text-center">Get a bachelors degree</div>
                    </div>
                    <!--v-if-->
                    <!---->
                    <!----><span class="v-card__underlay"></span>
                  </div>
                  <!---->
                  <!----><span class="v-card__underlay"></span>
                </div>
                <div data-v-8d47ba21="" class="v-card v-card--flat v-theme--light v-card--density-default v-card--variant-elevated truncate-container bg-transparent" data-draggable="true">
                  <!---->
                  <div class="v-card__loader">
                    <div class="v-progress-linear v-theme--light v-locale--is-ltr" style="top: 0px; height: 0px; --v-progress-linear-height: 2px;" role="progressbar" aria-hidden="true" aria-valuemin="0" aria-valuemax="100">
                      <!---->
                      <div class="v-progress-linear__background" style="opacity: NaN;"></div>
                      <div class="v-progress-linear__buffer" style="opacity: NaN; width: 0%;"></div>
                      <transition-stub name="fade-transition" appear="false" persisted="false" css="true">
                        <div class="v-progress-linear__indeterminate">
                          <div class="v-progress-linear__indeterminate long"></div>
                          <div class="v-progress-linear__indeterminate short"></div>
                        </div>
                      </transition-stub>
                      <!---->
                    </div>
                  </div>
                  <!---->
                  <!---->
                  <div data-v-8d47ba21="" class="v-card v-theme--light v-card--density-default elevation-2 v-card--variant-elevated rounded-lg ma-2">
                    <!---->
                    <div class="v-card__loader">
                      <div class="v-progress-linear v-theme--light v-locale--is-ltr" style="top: 0px; height: 0px; --v-progress-linear-height: 2px;" role="progressbar" aria-hidden="true" aria-valuemin="0" aria-valuemax="100">
                        <!---->
                        <div class="v-progress-linear__background" style="opacity: NaN;"></div>
                        <div class="v-progress-linear__buffer" style="opacity: NaN; width: 0%;"></div>
                        <transition-stub name="fade-transition" appear="false" persisted="false" css="true">
                          <div class="v-progress-linear__indeterminate">
                            <div class="v-progress-linear__indeterminate long"></div>
                            <div class="v-progress-linear__indeterminate short"></div>
                          </div>
                        </transition-stub>
                        <!---->
                      </div>
                    </div>
                    <!---->
                    <!---->
                    <div data-v-8d47ba21="">
                      <div data-v-8d47ba21="" class="v-card-title text-center pa-2 title-container">
                        <div data-v-8d47ba21="" class="truncate-text">Get a job</div><button data-v-8d47ba21="" type="button" class="v-btn v-btn--flat v-btn--icon v-theme--light v-btn--density-compact v-btn--size-default v-btn--variant-elevated edit-btn"><span class="v-btn__overlay"></span><span class="v-btn__underlay"></span>
                          <!----><span class="v-btn__content" data-no-activator=""><i class="mdi-pencil mdi v-icon notranslate v-theme--light v-icon--size-default" aria-hidden="true"></i></span>
                          <!---->
                          <!---->
                        </button>
                      </div>
                      <div data-v-8d47ba21="" class="v-card-text truncate-text text-center">Get a job as a programmer</div>
                    </div>
                    <!--v-if-->
                    <!---->
                    <!----><span class="v-card__underlay"></span>
                  </div>
                  <!---->
                  <!----><span class="v-card__underlay"></span>
                </div>
                <div data-v-8d47ba21="" class="v-card v-card--flat v-theme--light v-card--density-default v-card--variant-elevated truncate-container bg-transparent" data-draggable="true">
                  <!---->
                  <div class="v-card__loader">
                    <div class="v-progress-linear v-theme--light v-locale--is-ltr" style="top: 0px; height: 0px; --v-progress-linear-height: 2px;" role="progressbar" aria-hidden="true" aria-valuemin="0" aria-valuemax="100">
                      <!---->
                      <div class="v-progress-linear__background" style="opacity: NaN;"></div>
                      <div class="v-progress-linear__buffer" style="opacity: NaN; width: 0%;"></div>
                      <transition-stub name="fade-transition" appear="false" persisted="false" css="true">
                        <div class="v-progress-linear__indeterminate">
                          <div class="v-progress-linear__indeterminate long"></div>
                          <div class="v-progress-linear__indeterminate short"></div>
                        </div>
                      </transition-stub>
                      <!---->
                    </div>
                  </div>
                  <!---->
                  <!---->
                  <div data-v-8d47ba21="" class="v-card v-theme--light v-card--density-default elevation-2 v-card--variant-elevated rounded-lg ma-2">
                    <!---->
                    <div class="v-card__loader">
                      <div class="v-progress-linear v-theme--light v-locale--is-ltr" style="top: 0px; height: 0px; --v-progress-linear-height: 2px;" role="progressbar" aria-hidden="true" aria-valuemin="0" aria-valuemax="100">
                        <!---->
                        <div class="v-progress-linear__background" style="opacity: NaN;"></div>
                        <div class="v-progress-linear__buffer" style="opacity: NaN; width: 0%;"></div>
                        <transition-stub name="fade-transition" appear="false" persisted="false" css="true">
                          <div class="v-progress-linear__indeterminate">
                            <div class="v-progress-linear__indeterminate long"></div>
                            <div class="v-progress-linear__indeterminate short"></div>
                          </div>
                        </transition-stub>
                        <!---->
                      </div>
                    </div>
                    <!---->
                    <!---->
                    <div data-v-8d47ba21="">
                      <div data-v-8d47ba21="" class="v-card-title text-center pa-2 title-container">
                        <div data-v-8d47ba21="" class="truncate-text">Go to basketball practice</div><button data-v-8d47ba21="" type="button" class="v-btn v-btn--flat v-btn--icon v-theme--light v-btn--density-compact v-btn--size-default v-btn--variant-elevated edit-btn"><span class="v-btn__overlay"></span><span class="v-btn__underlay"></span>
                          <!----><span class="v-btn__content" data-no-activator=""><i class="mdi-pencil mdi v-icon notranslate v-theme--light v-icon--size-default" aria-hidden="true"></i></span>
                          <!---->
                          <!---->
                        </button>
                      </div>
                      <div data-v-8d47ba21="" class="v-card-text truncate-text text-center">Find a basketball team</div>
                    </div>
                    <!--v-if-->
                    <!---->
                    <!----><span class="v-card__underlay"></span>
                  </div>
                  <!---->
                  <!----><span class="v-card__underlay"></span>
                </div>
              </ul>
              <div class="v-card-item ma-0 pa-0" flat="">
                <!---->
                <div class="v-card-item__content">
                  <!---->
                  <!---->
                  <div class="d-flex justify-center align-center">
                    <!--v-if-->
                  </div>
                </div>
                <!---->
              </div>
              <div class="v-card-item ma-0 pa-0" flat="">
                <!---->
                <div class="v-card-item__content">
                  <!---->
                  <!---->
                  <div class="d-flex justify-center py-4"><button type="button" class="v-btn v-btn--flat v-theme--light border-0 v-btn--density-default v-btn--size-default v-btn--variant-elevated bg-transparent"><span class="v-btn__overlay"></span><span class="v-btn__underlay"></span>
                      <!----><span class="v-btn__content" data-no-activator=""><div class="d-flex align-center justify-center"><i class="mdi-plus mdi v-icon notranslate v-theme--light v-icon--size-default mx-1" aria-hidden="true"></i><span>Add new Task</span></div></span>
                  <!---->
                  <!----></button>
                </div>
              </div>
              <!---->
            </div>
            <!---->
            <!----><span class="v-card__underlay"></span>
          </div>
        </div>
        <div data-v-e7d37b73="" class="v-col my-4" align="center" justify="center">
          <div class="v-card v-card--flat v-theme--light v-card--density-default rounded-0 v-card--variant-elevated bg-green-accent-2 rounded-t-lg">
            <!---->
            <div class="v-card__loader">
              <div class="v-progress-linear v-theme--light v-locale--is-ltr" style="top: 0px; height: 0px; --v-progress-linear-height: 2px;" role="progressbar" aria-hidden="true" aria-valuemin="0" aria-valuemax="100">
                <!---->
                <div class="v-progress-linear__background" style="opacity: NaN;"></div>
                <div class="v-progress-linear__buffer" style="opacity: NaN; width: 0%;"></div>
                <transition-stub name="fade-transition" appear="false" persisted="false" css="true">
                  <div class="v-progress-linear__indeterminate">
                    <div class="v-progress-linear__indeterminate long"></div>
                    <div class="v-progress-linear__indeterminate short"></div>
                  </div>
                </transition-stub>
                <!---->
              </div>
            </div>
            <!---->
            <!---->
            <div class="v-card-title text-black"><strong>Review</strong></div>
            <!---->
            <!----><span class="v-card__underlay"></span>
          </div>
          <div class="v-card v-card--flat v-theme--light v-card--density-default rounded-0 v-card--variant-elevated bg-grey-lighten-2 rounded-b-lg" style="max-height: 85vh; overflow-y: auto;">
            <!---->
            <div class="v-card__loader">
              <div class="v-progress-linear v-theme--light v-locale--is-ltr" style="top: 0px; height: 0px; --v-progress-linear-height: 2px;" role="progressbar" aria-hidden="true" aria-valuemin="0" aria-valuemax="100">
                <!---->
                <div class="v-progress-linear__background" style="opacity: NaN;"></div>
                <div class="v-progress-linear__buffer" style="opacity: NaN; width: 0%;"></div>
                <transition-stub name="fade-transition" appear="false" persisted="false" css="true">
                  <div class="v-progress-linear__indeterminate">
                    <div class="v-progress-linear__indeterminate long"></div>
                    <div class="v-progress-linear__indeterminate short"></div>
                  </div>
                </transition-stub>
                <!---->
              </div>
            </div>
            <!---->
            <!---->
            <ul class="pb-6">
              <div data-v-8d47ba21="" class="v-card v-card--flat v-theme--light v-card--density-default v-card--variant-elevated truncate-container bg-transparent" data-draggable="true">
                <!---->
                <div class="v-card__loader">
                  <div class="v-progress-linear v-theme--light v-locale--is-ltr" style="top: 0px; height: 0px; --v-progress-linear-height: 2px;" role="progressbar" aria-hidden="true" aria-valuemin="0" aria-valuemax="100">
                    <!---->
                    <div class="v-progress-linear__background" style="opacity: NaN;"></div>
                    <div class="v-progress-linear__buffer" style="opacity: NaN; width: 0%;"></div>
                    <transition-stub name="fade-transition" appear="false" persisted="false" css="true">
                      <div class="v-progress-linear__indeterminate">
                        <div class="v-progress-linear__indeterminate long"></div>
                        <div class="v-progress-linear__indeterminate short"></div>
                      </div>
                    </transition-stub>
                    <!---->
                  </div>
                </div>
                <!---->
                <!---->
                <div data-v-8d47ba21="" class="v-card v-theme--light v-card--density-default elevation-2 v-card--variant-elevated rounded-lg ma-2">
                  <!---->
                  <div class="v-card__loader">
                    <div class="v-progress-linear v-theme--light v-locale--is-ltr" style="top: 0px; height: 0px; --v-progress-linear-height: 2px;" role="progressbar" aria-hidden="true" aria-valuemin="0" aria-valuemax="100">
                      <!---->
                      <div class="v-progress-linear__background" style="opacity: NaN;"></div>
                      <div class="v-progress-linear__buffer" style="opacity: NaN; width: 0%;"></div>
                      <transition-stub name="fade-transition" appear="false" persisted="false" css="true">
                        <div class="v-progress-linear__indeterminate">
                          <div class="v-progress-linear__indeterminate long"></div>
                          <div class="v-progress-linear__indeterminate short"></div>
                        </div>
                      </transition-stub>
                      <!---->
                    </div>
                  </div>
                  <!---->
                  <!---->
                  <div data-v-8d47ba21="">
                    <div data-v-8d47ba21="" class="v-card-title text-center pa-2 title-container">
                      <div data-v-8d47ba21="" class="truncate-text">Math homework</div><button data-v-8d47ba21="" type="button" class="v-btn v-btn--flat v-btn--icon v-theme--light v-btn--density-compact v-btn--size-default v-btn--variant-elevated edit-btn"><span class="v-btn__overlay"></span><span class="v-btn__underlay"></span>
                        <!----><span class="v-btn__content" data-no-activator=""><i class="mdi-pencil mdi v-icon notranslate v-theme--light v-icon--size-default" aria-hidden="true"></i></span>
                        <!---->
                        <!---->
                      </button>
                    </div>
                    <div data-v-8d47ba21="" class="v-card-text truncate-text text-center">Submit Math homework</div>
                  </div>
                  <!--v-if-->
                  <!---->
                  <!----><span class="v-card__underlay"></span>
                </div>
                <!---->
                <!----><span class="v-card__underlay"></span>
              </div>
              <div data-v-8d47ba21="" class="v-card v-card--flat v-theme--light v-card--density-default v-card--variant-elevated truncate-container bg-transparent" data-draggable="true">
                <!---->
                <div class="v-card__loader">
                  <div class="v-progress-linear v-theme--light v-locale--is-ltr" style="top: 0px; height: 0px; --v-progress-linear-height: 2px;" role="progressbar" aria-hidden="true" aria-valuemin="0" aria-valuemax="100">
                    <!---->
                    <div class="v-progress-linear__background" style="opacity: NaN;"></div>
                    <div class="v-progress-linear__buffer" style="opacity: NaN; width: 0%;"></div>
                    <transition-stub name="fade-transition" appear="false" persisted="false" css="true">
                      <div class="v-progress-linear__indeterminate">
                        <div class="v-progress-linear__indeterminate long"></div>
                        <div class="v-progress-linear__indeterminate short"></div>
                      </div>
                    </transition-stub>
                    <!---->
                  </div>
                </div>
                <!---->
                <!---->
                <div data-v-8d47ba21="" class="v-card v-theme--light v-card--density-default elevation-2 v-card--variant-elevated rounded-lg ma-2">
                  <!---->
                  <div class="v-card__loader">
                    <div class="v-progress-linear v-theme--light v-locale--is-ltr" style="top: 0px; height: 0px; --v-progress-linear-height: 2px;" role="progressbar" aria-hidden="true" aria-valuemin="0" aria-valuemax="100">
                      <!---->
                      <div class="v-progress-linear__background" style="opacity: NaN;"></div>
                      <div class="v-progress-linear__buffer" style="opacity: NaN; width: 0%;"></div>
                      <transition-stub name="fade-transition" appear="false" persisted="false" css="true">
                        <div class="v-progress-linear__indeterminate">
                          <div class="v-progress-linear__indeterminate long"></div>
                          <div class="v-progress-linear__indeterminate short"></div>
                        </div>
                      </transition-stub>
                      <!---->
                    </div>
                  </div>
                  <!---->
                  <!---->
                  <div data-v-8d47ba21="">
                    <div data-v-8d47ba21="" class="v-card-title text-center pa-2 title-container">
                      <div data-v-8d47ba21="" class="truncate-text">Kanban board</div><button data-v-8d47ba21="" type="button" class="v-btn v-btn--flat v-btn--icon v-theme--light v-btn--density-compact v-btn--size-default v-btn--variant-elevated edit-btn"><span class="v-btn__overlay"></span><span class="v-btn__underlay"></span>
                        <!----><span class="v-btn__content" data-no-activator=""><i class="mdi-pencil mdi v-icon notranslate v-theme--light v-icon--size-default" aria-hidden="true"></i></span>
                        <!---->
                        <!---->
                      </button>
                    </div>
                    <div data-v-8d47ba21="" class="v-card-text truncate-text text-center">Create a kanban board in Vue</div>
                  </div>
                  <!--v-if-->
                  <!---->
                  <!----><span class="v-card__underlay"></span>
                </div>
                <!---->
                <!----><span class="v-card__underlay"></span>
              </div>
              <div data-v-8d47ba21="" class="v-card v-card--flat v-theme--light v-card--density-default v-card--variant-elevated truncate-container bg-transparent" data-draggable="true">
                <!---->
                <div class="v-card__loader">
                  <div class="v-progress-linear v-theme--light v-locale--is-ltr" style="top: 0px; height: 0px; --v-progress-linear-height: 2px;" role="progressbar" aria-hidden="true" aria-valuemin="0" aria-valuemax="100">
                    <!---->
                    <div class="v-progress-linear__background" style="opacity: NaN;"></div>
                    <div class="v-progress-linear__buffer" style="opacity: NaN; width: 0%;"></div>
                    <transition-stub name="fade-transition" appear="false" persisted="false" css="true">
                      <div class="v-progress-linear__indeterminate">
                        <div class="v-progress-linear__indeterminate long"></div>
                        <div class="v-progress-linear__indeterminate short"></div>
                      </div>
                    </transition-stub>
                    <!---->
                  </div>
                </div>
                <!---->
                <!---->
                <div data-v-8d47ba21="" class="v-card v-theme--light v-card--density-default elevation-2 v-card--variant-elevated rounded-lg ma-2">
                  <!---->
                  <div class="v-card__loader">
                    <div class="v-progress-linear v-theme--light v-locale--is-ltr" style="top: 0px; height: 0px; --v-progress-linear-height: 2px;" role="progressbar" aria-hidden="true" aria-valuemin="0" aria-valuemax="100">
                      <!---->
                      <div class="v-progress-linear__background" style="opacity: NaN;"></div>
                      <div class="v-progress-linear__buffer" style="opacity: NaN; width: 0%;"></div>
                      <transition-stub name="fade-transition" appear="false" persisted="false" css="true">
                        <div class="v-progress-linear__indeterminate">
                          <div class="v-progress-linear__indeterminate long"></div>
                          <div class="v-progress-linear__indeterminate short"></div>
                        </div>
                      </transition-stub>
                      <!---->
                    </div>
                  </div>
                  <!---->
                  <!---->
                  <div data-v-8d47ba21="">
                    <div data-v-8d47ba21="" class="v-card-title text-center pa-2 title-container">
                      <div data-v-8d47ba21="" class="truncate-text">Chemistry assignment</div><button data-v-8d47ba21="" type="button" class="v-btn v-btn--flat v-btn--icon v-theme--light v-btn--density-compact v-btn--size-default v-btn--variant-elevated edit-btn"><span class="v-btn__overlay"></span><span class="v-btn__underlay"></span>
                        <!----><span class="v-btn__content" data-no-activator=""><i class="mdi-pencil mdi v-icon notranslate v-theme--light v-icon--size-default" aria-hidden="true"></i></span>
                        <!---->
                        <!---->
                      </button>
                    </div>
                    <div data-v-8d47ba21="" class="v-card-text truncate-text text-center">Carbon cycle assignment</div>
                  </div>
                  <!--v-if-->
                  <!---->
                  <!----><span class="v-card__underlay"></span>
                </div>
                <!---->
                <!----><span class="v-card__underlay"></span>
              </div>
            </ul>
            <div class="v-card-item ma-0 pa-0" flat="">
              <!---->
              <div class="v-card-item__content">
                <!---->
                <!---->
                <div class="d-flex justify-center align-center">
                  <!--v-if-->
                </div>
              </div>
              <!---->
            </div>
            <div class="v-card-item ma-0 pa-0" flat="">
              <!---->
              <div class="v-card-item__content">
                <!---->
                <!---->
                <div class="d-flex justify-center py-4"><button type="button" class="v-btn v-btn--flat v-theme--light border-0 v-btn--density-default v-btn--size-default v-btn--variant-elevated bg-transparent"><span class="v-btn__overlay"></span><span class="v-btn__underlay"></span>
                    <!----><span class="v-btn__content" data-no-activator=""><div class="d-flex align-center justify-center"><i class="mdi-plus mdi v-icon notranslate v-theme--light v-icon--size-default mx-1" aria-hidden="true"></i><span>Add new Task</span></div></span>
                <!---->
                <!----></button>
              </div>
            </div>
            <!---->
          </div>
          <!---->
          <!----><span class="v-card__underlay"></span>
        </div>
      </div>
      <div data-v-e7d37b73="" class="v-col my-4" align="center" justify="center">
        <div class="v-card v-card--flat v-theme--light v-card--density-default rounded-0 v-card--variant-elevated bg-blue-accent-1 rounded-t-lg">
          <!---->
          <div class="v-card__loader">
            <div class="v-progress-linear v-theme--light v-locale--is-ltr" style="top: 0px; height: 0px; --v-progress-linear-height: 2px;" role="progressbar" aria-hidden="true" aria-valuemin="0" aria-valuemax="100">
              <!---->
              <div class="v-progress-linear__background" style="opacity: NaN;"></div>
              <div class="v-progress-linear__buffer" style="opacity: NaN; width: 0%;"></div>
              <transition-stub name="fade-transition" appear="false" persisted="false" css="true">
                <div class="v-progress-linear__indeterminate">
                  <div class="v-progress-linear__indeterminate long"></div>
                  <div class="v-progress-linear__indeterminate short"></div>
                </div>
              </transition-stub>
              <!---->
            </div>
          </div>
          <!---->
          <!---->
          <div class="v-card-title text-black"><strong>Done</strong></div>
          <!---->
          <!----><span class="v-card__underlay"></span>
        </div>
        <div class="v-card v-card--flat v-theme--light v-card--density-default rounded-0 v-card--variant-elevated bg-grey-lighten-2 rounded-b-lg" style="max-height: 85vh; overflow-y: auto;">
          <!---->
          <div class="v-card__loader">
            <div class="v-progress-linear v-theme--light v-locale--is-ltr" style="top: 0px; height: 0px; --v-progress-linear-height: 2px;" role="progressbar" aria-hidden="true" aria-valuemin="0" aria-valuemax="100">
              <!---->
              <div class="v-progress-linear__background" style="opacity: NaN;"></div>
              <div class="v-progress-linear__buffer" style="opacity: NaN; width: 0%;"></div>
              <transition-stub name="fade-transition" appear="false" persisted="false" css="true">
                <div class="v-progress-linear__indeterminate">
                  <div class="v-progress-linear__indeterminate long"></div>
                  <div class="v-progress-linear__indeterminate short"></div>
                </div>
              </transition-stub>
              <!---->
            </div>
          </div>
          <!---->
          <!---->
          <ul class="pb-6">
            <div data-v-8d47ba21="" class="v-card v-card--flat v-theme--light v-card--density-default v-card--variant-elevated truncate-container bg-transparent" data-draggable="true">
              <!---->
              <div class="v-card__loader">
                <div class="v-progress-linear v-theme--light v-locale--is-ltr" style="top: 0px; height: 0px; --v-progress-linear-height: 2px;" role="progressbar" aria-hidden="true" aria-valuemin="0" aria-valuemax="100">
                  <!---->
                  <div class="v-progress-linear__background" style="opacity: NaN;"></div>
                  <div class="v-progress-linear__buffer" style="opacity: NaN; width: 0%;"></div>
                  <transition-stub name="fade-transition" appear="false" persisted="false" css="true">
                    <div class="v-progress-linear__indeterminate">
                      <div class="v-progress-linear__indeterminate long"></div>
                      <div class="v-progress-linear__indeterminate short"></div>
                    </div>
                  </transition-stub>
                  <!---->
                </div>
              </div>
              <!---->
              <!---->
              <div data-v-8d47ba21="" class="v-card v-theme--light v-card--density-default elevation-2 v-card--variant-elevated rounded-lg ma-2">
                <!---->
                <div class="v-card__loader">
                  <div class="v-progress-linear v-theme--light v-locale--is-ltr" style="top: 0px; height: 0px; --v-progress-linear-height: 2px;" role="progressbar" aria-hidden="true" aria-valuemin="0" aria-valuemax="100">
                    <!---->
                    <div class="v-progress-linear__background" style="opacity: NaN;"></div>
                    <div class="v-progress-linear__buffer" style="opacity: NaN; width: 0%;"></div>
                    <transition-stub name="fade-transition" appear="false" persisted="false" css="true">
                      <div class="v-progress-linear__indeterminate">
                        <div class="v-progress-linear__indeterminate long"></div>
                        <div class="v-progress-linear__indeterminate short"></div>
                      </div>
                    </transition-stub>
                    <!---->
                  </div>
                </div>
                <!---->
                <!---->
                <div data-v-8d47ba21="">
                  <div data-v-8d47ba21="" class="v-card-title text-center pa-2 title-container">
                    <div data-v-8d47ba21="" class="truncate-text">Finish high school</div><button data-v-8d47ba21="" type="button" class="v-btn v-btn--flat v-btn--icon v-theme--light v-btn--density-compact v-btn--size-default v-btn--variant-elevated edit-btn"><span class="v-btn__overlay"></span><span class="v-btn__underlay"></span>
                      <!----><span class="v-btn__content" data-no-activator=""><i class="mdi-pencil mdi v-icon notranslate v-theme--light v-icon--size-default" aria-hidden="true"></i></span>
                      <!---->
                      <!---->
                    </button>
                  </div>
                  <div data-v-8d47ba21="" class="v-card-text truncate-text text-center">Finish high school with a good grade</div>
                </div>
                <!--v-if-->
                <!---->
                <!----><span class="v-card__underlay"></span>
              </div>
              <!---->
              <!----><span class="v-card__underlay"></span>
            </div>
            <div data-v-8d47ba21="" class="v-card v-card--flat v-theme--light v-card--density-default v-card--variant-elevated truncate-container bg-transparent" data-draggable="true">
              <!---->
              <div class="v-card__loader">
                <div class="v-progress-linear v-theme--light v-locale--is-ltr" style="top: 0px; height: 0px; --v-progress-linear-height: 2px;" role="progressbar" aria-hidden="true" aria-valuemin="0" aria-valuemax="100">
                  <!---->
                  <div class="v-progress-linear__background" style="opacity: NaN;"></div>
                  <div class="v-progress-linear__buffer" style="opacity: NaN; width: 0%;"></div>
                  <transition-stub name="fade-transition" appear="false" persisted="false" css="true">
                    <div class="v-progress-linear__indeterminate">
                      <div class="v-progress-linear__indeterminate long"></div>
                      <div class="v-progress-linear__indeterminate short"></div>
                    </div>
                  </transition-stub>
                  <!---->
                </div>
              </div>
              <!---->
              <!---->
              <div data-v-8d47ba21="" class="v-card v-theme--light v-card--density-default elevation-2 v-card--variant-elevated rounded-lg ma-2">
                <!---->
                <div class="v-card__loader">
                  <div class="v-progress-linear v-theme--light v-locale--is-ltr" style="top: 0px; height: 0px; --v-progress-linear-height: 2px;" role="progressbar" aria-hidden="true" aria-valuemin="0" aria-valuemax="100">
                    <!---->
                    <div class="v-progress-linear__background" style="opacity: NaN;"></div>
                    <div class="v-progress-linear__buffer" style="opacity: NaN; width: 0%;"></div>
                    <transition-stub name="fade-transition" appear="false" persisted="false" css="true">
                      <div class="v-progress-linear__indeterminate">
                        <div class="v-progress-linear__indeterminate long"></div>
                        <div class="v-progress-linear__indeterminate short"></div>
                      </div>
                    </transition-stub>
                    <!---->
                  </div>
                </div>
                <!---->
                <!---->
                <div data-v-8d47ba21="">
                  <div data-v-8d47ba21="" class="v-card-title text-center pa-2 title-container">
                    <div data-v-8d47ba21="" class="truncate-text">Get into University</div><button data-v-8d47ba21="" type="button" class="v-btn v-btn--flat v-btn--icon v-theme--light v-btn--density-compact v-btn--size-default v-btn--variant-elevated edit-btn"><span class="v-btn__overlay"></span><span class="v-btn__underlay"></span>
                      <!----><span class="v-btn__content" data-no-activator=""><i class="mdi-pencil mdi v-icon notranslate v-theme--light v-icon--size-default" aria-hidden="true"></i></span>
                      <!---->
                      <!---->
                    </button>
                  </div>
                  <div data-v-8d47ba21="" class="v-card-text truncate-text text-center">get into a modern university</div>
                </div>
                <!--v-if-->
                <!---->
                <!----><span class="v-card__underlay"></span>
              </div>
              <!---->
              <!----><span class="v-card__underlay"></span>
            </div>
            <div data-v-8d47ba21="" class="v-card v-card--flat v-theme--light v-card--density-default v-card--variant-elevated truncate-container bg-transparent" data-draggable="true">
              <!---->
              <div class="v-card__loader">
                <div class="v-progress-linear v-theme--light v-locale--is-ltr" style="top: 0px; height: 0px; --v-progress-linear-height: 2px;" role="progressbar" aria-hidden="true" aria-valuemin="0" aria-valuemax="100">
                  <!---->
                  <div class="v-progress-linear__background" style="opacity: NaN;"></div>
                  <div class="v-progress-linear__buffer" style="opacity: NaN; width: 0%;"></div>
                  <transition-stub name="fade-transition" appear="false" persisted="false" css="true">
                    <div class="v-progress-linear__indeterminate">
                      <div class="v-progress-linear__indeterminate long"></div>
                      <div class="v-progress-linear__indeterminate short"></div>
                    </div>
                  </transition-stub>
                  <!---->
                </div>
              </div>
              <!---->
              <!---->
              <div data-v-8d47ba21="" class="v-card v-theme--light v-card--density-default elevation-2 v-card--variant-elevated rounded-lg ma-2">
                <!---->
                <div class="v-card__loader">
                  <div class="v-progress-linear v-theme--light v-locale--is-ltr" style="top: 0px; height: 0px; --v-progress-linear-height: 2px;" role="progressbar" aria-hidden="true" aria-valuemin="0" aria-valuemax="100">
                    <!---->
                    <div class="v-progress-linear__background" style="opacity: NaN;"></div>
                    <div class="v-progress-linear__buffer" style="opacity: NaN; width: 0%;"></div>
                    <transition-stub name="fade-transition" appear="false" persisted="false" css="true">
                      <div class="v-progress-linear__indeterminate">
                        <div class="v-progress-linear__indeterminate long"></div>
                        <div class="v-progress-linear__indeterminate short"></div>
                      </div>
                    </transition-stub>
                    <!---->
                  </div>
                </div>
                <!---->
                <!---->
                <div data-v-8d47ba21="">
                  <div data-v-8d47ba21="" class="v-card-title text-center pa-2 title-container">
                    <div data-v-8d47ba21="" class="truncate-text">Make mom proud</div><button data-v-8d47ba21="" type="button" class="v-btn v-btn--flat v-btn--icon v-theme--light v-btn--density-compact v-btn--size-default v-btn--variant-elevated edit-btn"><span class="v-btn__overlay"></span><span class="v-btn__underlay"></span>
                      <!----><span class="v-btn__content" data-no-activator=""><i class="mdi-pencil mdi v-icon notranslate v-theme--light v-icon--size-default" aria-hidden="true"></i></span>
                      <!---->
                      <!---->
                    </button>
                  </div>
                  <div data-v-8d47ba21="" class="v-card-text truncate-text text-center">Give her a son to be proud of</div>
                </div>
                <!--v-if-->
                <!---->
                <!----><span class="v-card__underlay"></span>
              </div>
              <!---->
              <!----><span class="v-card__underlay"></span>
            </div>
          </ul>
          <div class="v-card-item ma-0 pa-0" flat="">
            <!---->
            <div class="v-card-item__content">
              <!---->
              <!---->
              <div class="d-flex justify-center align-center">
                <!--v-if-->
              </div>
            </div>
            <!---->
          </div>
          <div class="v-card-item ma-0 pa-0" flat="">
            <!---->
            <div class="v-card-item__content">
              <!---->
              <!---->
              <div class="d-flex justify-center py-4"><button type="button" class="v-btn v-btn--flat v-theme--light border-0 v-btn--density-default v-btn--size-default v-btn--variant-elevated bg-transparent"><span class="v-btn__overlay"></span><span class="v-btn__underlay"></span>
                  <!----><span class="v-btn__content" data-no-activator=""><div class="d-flex align-center justify-center"><i class="mdi-plus mdi v-icon notranslate v-theme--light v-icon--size-default mx-1" aria-hidden="true"></i><span>Add new Task</span></div></span>
              <!---->
              <!----></button>
            </div>
          </div>
          <!---->
        </div>
        <!---->
        <!----><span class="v-card__underlay"></span>
      </div>
  </div>
</div>
</div>
</div>
</main>
</div>
</div>"
`;
